[v4pages.fvmarketing.com.br/cofre-inteligente.html]
[backblue.gif]
[fade.gif]
[index.html]
[cdn.landingpage.app.br/v4pages.fvmarketing.com.br-cofre-inteligente/1780336407/imagens/desktop/443664-4cd4c992b7b7b630c95e33aaa9c61f44.png]
[cdn.landingpage.app.br/v4pages.fvmarketing.com.br-cofre-inteligente/1780336407/imagens/desktop/3285338_1_17803329386a1db98a7c420.jpg]
[www.youtube.com/iframe_api]
[cdn.landingpage.app.br/index.html]
[cdn.landingpage.app.br/v4pages.fvmarketing.com.br-cofre-inteligente/1780336407/css.css]
[v4pages.fvmarketing.com.br/cofre-inteligente.html]
[fonts.googleapis.com/index.html]
[cdn.jsdelivr.net/index.html]
[v4pages.fvmarketing.com.br/index.html]
[cdn.landingpage.app.br/v4pages.fvmarketing.com.br-cofre-inteligente/1780336407/js.js]
[cdn.landingpage.app.br/index.html]
[fonts.googleapis.com/index.html]
[fonts.gstatic.com/index.html]
[cdn.landingpage.app.br/v4pages.fvmarketing.com.br/1759190293/imagens/desktop/443664-db2a84f1d720301a00e8402388aee04d.png]
[files.greatpages.com.br/arquivos/paginas_editor/443664-118c7e3c72560cc0e85c23c293be416c.png]
[files.greatpages.com.br/arquivos/paginas_editor/443664-44df025018b1a7d93946ad6c8b4a57a7.png]
[files.greatpages.com.br/arquivos/paginas_editor/443664-54c0864fb6fa730ec5369d64edf3ebd7.svg]
[files.greatpages.com.br/arquivos/paginas_editor/443664-d18804a757af32dd7d128690b2bf9fac.png]
[files.greatpages.com.br/arquivos/paginas_editor/443664-baa1d04dd237ee805da38239f2396b0f.png]
[files.greatpages.com.br/arquivos/paginas_editor/443664-658b195ac30ccdf0467b86378473152e.png]
[files.greatpages.com.br/arquivos/paginas_editor/443664-728f154c800ffcde6058b6ad56e215d7.png]
[files.greatpages.com.br/arquivos/paginas_editor/443664-7bb9c2c21942a05e742faae7db9f14b0.png]
[files.greatpages.com.br/arquivos/paginas_editor/443664-a3eb961427266baa1689cf0c111ac5dd.png]
[files.greatpages.com.br/arquivos/paginas_editor/443664-ad724e5f103a15692490d780d9eb9f00.png]
[files.greatpages.com.br/arquivos/paginas_editor/443664-d5f0e8b3a8aee1fc93f5c7856d8eb960.svg]
[files.greatpages.com.br/arquivos/paginas_editor/443664-81356b37ac4e20c7a90631941096ffdb.svg]
[files.greatpages.com.br/arquivos/paginas_editor/443664-8ed08f81fd91a2972b470b524fb39499.svg]
[files.greatpages.com.br/arquivos/paginas_editor/443664-1ab30eeb450caca2e9e95e75456169ef.svg]
[files.greatpages.com.br/arquivos/paginas_editor/443664-b8bc6d30d1a528829dc05314edb14025.svg]
[files.greatpages.com.br/arquivos/paginas_editor/443664-630aaf932526c7c2f1f9bc40ab1d8ad4.svg]
[files.greatpages.com.br/arquivos/paginas_editor/443664-b2696ac88d75f486c9aa5518f74762f6.svg]
[files.greatpages.com.br/arquivos/paginas_editor/443664-40926a3313b98fa71f8fd2f13ef45748.svg]
[files.greatpages.com.br/arquivos/paginas_editor/443664-17f423ae5423677ef2b671677d8aa696.svg]
[files.greatpages.com.br/arquivos/paginas_editor/443664-0b22f51d23466bdd01cb2cc6ed414269.svg]
[files.greatpages.com.br/arquivos/paginas_editor/443664-95c159a0e916dfe815366244915bcd05.svg]
[cdn.landingpage.app.br/v4pages.fvmarketing.com.br/1759190293/css.css]
[www.facebook.com/index.html]
[cdn.landingpage.app.br/v4pages.fvmarketing.com.br/1759190293/js.js]
[v4pages.fvmarketing.com.br/index.html]
[static.xx.fbcdn.net/rsrc.php/y1/r/ay1hV6OlegS.ico]
[static.xx.fbcdn.net/rsrc.php/yS/r/hP6qDL2Mt8j.webp]
[www.facebook.com/index.html]
[static.xx.fbcdn.net/rsrc.php/v5/ys/l/0,cross/muJP5aEUVXhPwXprauQ7mwLc1ZawZ05wxT9DWDYPz6DhfgQe914iiBfONMKn3YhINqU49pVNahkCkx3H75nbXbY-.css]
[connect.facebook.net/index.html]
[www.facebook.com/tr9725]
[scontent.xx.fbcdn.net/index.html]
[video.xx.fbcdn.net/index.html]
[www.youtube.com/iframe_api]
[v4pages.fvmarketing.com.br/index.html]
[files.greatpages.com.br/arquivos/paginas_editor/443664-118c7e3c72560cc0e85c23c293be416c.png]
[cdn.landingpage.app.br/v4pages.fvmarketing.com.br-cofre-inteligente/1780336407/css.css]
[files.greatpages.com.br/arquivos/paginas_editor/443664-44df025018b1a7d93946ad6c8b4a57a7.png]
[files.greatpages.com.br/arquivos/paginas_editor/443664-54c0864fb6fa730ec5369d64edf3ebd7.svg]
[cdn.landingpage.app.br/v4pages.fvmarketing.com.br-cofre-inteligente/1780336407/js.js]
[cdn.landingpage.app.br/v4pages.fvmarketing.com.br/1759190293/imagens/desktop/443664-db2a84f1d720301a00e8402388aee04d.png]
[files.greatpages.com.br/arquivos/paginas_editor/443664-d5f0e8b3a8aee1fc93f5c7856d8eb960.svg]
[files.greatpages.com.br/arquivos/paginas_editor/443664-81356b37ac4e20c7a90631941096ffdb.svg]
[files.greatpages.com.br/arquivos/paginas_editor/443664-8ed08f81fd91a2972b470b524fb39499.svg]
[files.greatpages.com.br/arquivos/paginas_editor/443664-1ab30eeb450caca2e9e95e75456169ef.svg]
[files.greatpages.com.br/arquivos/paginas_editor/443664-b8bc6d30d1a528829dc05314edb14025.svg]
[files.greatpages.com.br/arquivos/paginas_editor/443664-630aaf932526c7c2f1f9bc40ab1d8ad4.svg]
[files.greatpages.com.br/arquivos/paginas_editor/443664-b2696ac88d75f486c9aa5518f74762f6.svg]
[files.greatpages.com.br/arquivos/paginas_editor/443664-40926a3313b98fa71f8fd2f13ef45748.svg]
[files.greatpages.com.br/arquivos/paginas_editor/443664-17f423ae5423677ef2b671677d8aa696.svg]
[files.greatpages.com.br/arquivos/paginas_editor/443664-0b22f51d23466bdd01cb2cc6ed414269.svg]
[files.greatpages.com.br/arquivos/paginas_editor/443664-95c159a0e916dfe815366244915bcd05.svg]
[cdn.landingpage.app.br/v4pages.fvmarketing.com.br/1759190293/css.css]
[www.facebook.com/tr9725]
[www.facebook.com/tr9725]
[scontent.xx.fbcdn.net/index.html]
[video.xx.fbcdn.net/index.html]
[static.xx.fbcdn.net/rsrc.php/v5/ys/l/0,cross/muJP5aEUVXhPwXprauQ7mwLc1ZawZ05wxT9DWDYPz6DhfgQe914iiBfONMKn3YhINqU49pVNahkCkx3H75nbXbY-.css]
